Found 28,158 files to upload
Uploading... 768/28,158 files checked, 0/0 uploaded (0.00B transferred), 0 committed in 0 commit(s)
Uploading... 2,048/28,158 files checked, 0/3 uploaded (0.00B transferred), 1,550 committed in 5 commit(s)
Uploading... 2,048/28,158 files checked, 27/29 uploaded (509MB transferred), 1,760 committed in 7 commit(s)
Uploading... 2,048/28,158 files checked, 47/50 uploaded (960MB transferred), 1,854 committed in 9 commit(s)
Uploading... 2,304/28,158 files checked, 69/71 uploaded (1.64GB transferred), 1,980 committed in 11 commit(s)
Uploading... 2,304/28,158 files checked, 75/76 uploaded (1.83GB transferred), 2,080 committed in 13 commit(s)
Uploading... 2,560/28,158 files checked, 84/87 uploaded (2.05GB transferred), 2,184 committed in 15 commit(s)
Uploading... 2,560/28,158 files checked, 92/98 uploaded (2.21GB transferred), 2,306 committed in 17 commit(s)
Uploading... 2,816/28,158 files checked, 108/113 uploaded (2.46GB transferred), 2,494 committed in 20 commit(s)
Uploading... 3,072/28,158 files checked, 120/122 uploaded (2.65GB transferred), 2,634 committed in 22 commit(s)
Uploading... 3,328/28,158 files checked, 125/127 uploaded (2.75GB transferred), 2,894 committed in 25 commit(s)
Uploading... 3,584/28,158 files checked, 133/134 uploaded (3.08GB transferred), 3,140 committed in 28 commit(s)
Uploading... 3,584/28,158 files checked, 137/142 uploaded (3.33GB transferred), 3,296 committed in 30 commit(s)
Uploading... 3,840/28,158 files checked, 158/162 uploaded (3.90GB transferred), 3,578 committed in 33 commit(s)
Uploading... 4,096/28,158 files checked, 166/170 uploaded (4.05GB transferred), 3,786 committed in 35 commit(s)
Uploading... 4,352/28,158 files checked, 172/175 uploaded (4.17GB transferred), 4,006 committed in 38 commit(s)
Uploading... 4,608/28,158 files checked, 175/178 uploaded (4.27GB transferred), 4,166 committed in 40 commit(s)
Uploading... 4,864/28,158 files checked, 178/178 uploaded (4.36GB transferred), 4,416 committed in 43 commit(s)
Uploading... 5,120/28,158 files checked, 179/180 uploaded (4.37GB transferred), 4,646 committed in 46 commit(s)
Uploading... 5,376/28,158 files checked, 180/181 uploaded (4.39GB transferred), 4,800 committed in 48 commit(s)
Uploading... 5,632/28,158 files checked, 190/194 uploaded (4.70GB transferred), 5,244 committed in 51 commit(s)
Uploading... 5,888/28,158 files checked, 205/208 uploaded (5.21GB transferred), 5,512 committed in 54 commit(s)
Uploading... 6,144/28,158 files checked, 208/210 uploaded (5.25GB transferred), 5,688 committed in 56 commit(s)
Uploading... 6,400/28,158 files checked, 212/213 uploaded (5.38GB transferred), 5,924 committed in 59 commit(s)
Uploading... 6,656/28,158 files checked, 213/213 uploaded (5.39GB transferred), 6,248 committed in 62 commit(s)
Uploading... 6,912/28,158 files checked, 213/214 uploaded (5.39GB transferred), 6,460 committed in 64 commit(s)
Uploading... 7,168/28,158 files checked, 216/217 uploaded (5.43GB transferred), 6,796 committed in 67 commit(s)
Uploading... 7,680/28,158 files checked, 217/217 uploaded (5.44GB transferred), 7,114 committed in 70 commit(s)
Uploading... 7,936/28,158 files checked, 219/222 uploaded (5.51GB transferred), 7,444 committed in 73 commit(s)
Uploading... 8,192/28,158 files checked, 222/226 uploaded (5.57GB transferred), 7,618 committed in 75 commit(s)
Uploading... 8,448/28,158 files checked, 237/244 uploaded (6.26GB transferred), 7,962 committed in 78 commit(s)
Uploading... 8,704/28,158 files checked, 244/244 uploaded (6.43GB transferred), 8,232 committed in 80 commit(s)
Uploading... 8,960/28,158 files checked, 244/245 uploaded (6.43GB transferred), 8,580 committed in 83 commit(s)
Uploading... 9,472/28,158 files checked, 245/245 uploaded (6.44GB transferred), 8,892 committed in 86 commit(s)
Uploading... 9,728/28,158 files checked, 245/246 uploaded (6.44GB transferred), 9,230 committed in 88 commit(s)
Uploading... 10,240/28,158 files checked, 246/246 uploaded (6.45GB transferred), 9,686 committed in 91 commit(s)
Uploading... 10,496/28,158 files checked, 246/246 uploaded (6.45GB transferred), 9,962 committed in 93 commit(s)
Uploading... 10,752/28,158 files checked, 246/247 uploaded (6.45GB transferred), 10,334 committed in 96 commit(s)
Uploading... 11,264/28,158 files checked, 254/255 uploaded (6.66GB transferred), 10,704 committed in 99 commit(s)
Uploading... 11,520/28,158 files checked, 264/267 uploaded (6.94GB transferred), 10,938 committed in 101 commit(s)
Uploading... 11,520/28,158 files checked, 273/283 uploaded (7.23GB transferred), 11,134 committed in 103 commit(s)
Uploading... 11,776/28,158 files checked, 282/285 uploaded (7.47GB transferred), 11,266 committed in 104 commit(s)
Uploading... 11,776/28,158 files checked, 288/290 uploaded (7.72GB transferred), 11,448 committed in 106 commit(s)
Uploading... 12,032/28,158 files checked, 293/297 uploaded (7.94GB transferred), 11,606 committed in 108 commit(s)
Uploading... 12,288/28,158 files checked, 300/303 uploaded (8.08GB transferred), 11,758 committed in 110 commit(s)
Uploading... 12,544/28,158 files checked, 304/313 uploaded (8.28GB transferred), 12,038 committed in 113 commit(s)
Uploading... 12,544/28,158 files checked, 314/320 uploaded (8.60GB transferred), 12,202 committed in 115 commit(s)
Uploading... 12,800/28,158 files checked, 325/327 uploaded (8.82GB transferred), 12,388 committed in 117 commit(s)
Uploading... 12,800/28,158 files checked, 327/331 uploaded (8.87GB transferred), 12,534 committed in 119 commit(s)
Uploading... 13,056/28,158 files checked, 337/341 uploaded (9.13GB transferred), 12,752 committed in 122 commit(s)
Uploading... 13,312/28,158 files checked, 342/348 uploaded (9.31GB transferred), 12,980 committed in 125 commit(s)
Uploading... 13,312/28,158 files checked, 348/352 uploaded (9.39GB transferred), 13,132 committed in 127 commit(s)
HTTP Error 429 thrown while requesting POST https://huggingface.co/api/datasets/sethryst/osm-us-2026-09-07/commit/main
Retrying in 1s [Retry 1/5].
HTTP Error 429 thrown while requesting POST https://huggingface.co/api/datasets/sethryst/osm-us-2026-09-07/commit/main
Retrying in 2s [Retry 2/5].
HTTP Error 429 thrown while requesting POST https://huggingface.co/api/datasets/sethryst/osm-us-2026-09-07/commit/main
Retrying in 4s [Retry 3/5].
Uploading... 13,568/28,158 files checked, 351/353 uploaded (9.43GB transferred), 13,174 committed in 128 commit(s)
HTTP Error 429 thrown while requesting POST https://huggingface.co/api/datasets/sethryst/osm-us-2026-09-07/commit/main
Retrying in 8s [Retry 4/5].
HTTP Error 429 thrown while requesting POST https://huggingface.co/api/datasets/sethryst/osm-us-2026-09-07/commit/main
Retrying in 8s [Retry 5/5].
HTTP Error 429 thrown while requesting POST https://huggingface.co/api/datasets/sethryst/osm-us-2026-09-07/commit/main
Commit of 82 files failed (HfHubHTTPError('(Request ID: Root=1-6aa97560-53e05295451cc0ee66aaff05;631fca95-ffd0-4040-9bc2-5a09ec83be23)\n\n429 Too Many Requests for url: https://huggingface.co/api/datasets/sethryst/osm-us-2026-09-07/commit/main.\nYou have exceeded the rate limit for repository commits (128 per hour). You can retry this action in about 1 hour. To reduce the number of commits, you can upload entire folders at once using the Hub Python library: https://huggingface.co/docs/huggingface_hub/guides/upload#upload-a-folder or for large folders: https://huggingface.co/docs/huggingface_hub/guides/upload#upload-a-large-folder. To increase your rate limit for this action, you can upgrade to a paid plan at https://huggingface.co/pricing.')). Retrying in smaller chunks.
Uploading... 13,568/28,158 files checked, 351/353 uploaded (9.43GB transferred), 13,174 committed in 128 commit(s)
HTTP Error 429 thrown while requesting POST https://huggingface.co/api/datasets/sethryst/osm-us-2026-09-07/commit/main
Retrying in 1s [Retry 1/5].
HTTP Error 429 thrown while requesting POST https://huggingface.co/api/datasets/sethryst/osm-us-2026-09-07/commit/main
Retrying in 2s [Retry 2/5].
HTTP Error 429 thrown while requesting POST https://huggingface.co/api/datasets/sethryst/osm-us-2026-09-07/commit/main
Retrying in 4s [Retry 3/5].
HTTP Error 429 thrown while requesting POST https://huggingface.co/api/datasets/sethryst/osm-us-2026-09-07/commit/main
Retrying in 8s [Retry 4/5].
Uploading... 13,568/28,158 files checked, 351/353 uploaded (9.43GB transferred), 13,174 committed in 128 commit(s)
HTTP Error 429 thrown while requesting POST https://huggingface.co/api/datasets/sethryst/osm-us-2026-09-07/commit/main
Retrying in 8s [Retry 5/5].
HTTP Error 429 thrown while requesting POST https://huggingface.co/api/datasets/sethryst/osm-us-2026-09-07/commit/main
Commit of 82 files failed (HfHubHTTPError('(Request ID: Root=1-6aa97591-3f85b9f63e1a4fc14a045ef7;460daf7d-8175-494e-8eb9-719434c64df0)\n\n429 Too Many Requests for url: https://huggingface.co/api/datasets/sethryst/osm-us-2026-09-07/commit/main.\nYou have exceeded the rate limit for repository commits (128 per hour). You can retry this action in about 1 hour. To reduce the number of commits, you can upload entire folders at once using the Hub Python library: https://huggingface.co/docs/huggingface_hub/guides/upload#upload-a-folder or for large folders: https://huggingface.co/docs/huggingface_hub/guides/upload#upload-a-large-folder. To increase your rate limit for this action, you can upgrade to a paid plan at https://huggingface.co/pricing.')). Retrying in smaller chunks.
HTTP Error 429 thrown while requesting POST https://huggingface.co/api/datasets/sethryst/osm-us-2026-09-07/commit/main
Retrying in 1s [Retry 1/5].
HTTP Error 429 thrown while requesting POST https://huggingface.co/api/datasets/sethryst/osm-us-2026-09-07/commit/main
Retrying in 2s [Retry 2/5].
Uploading... 13,568/28,158 files checked, 351/353 uploaded (9.43GB transferred), 13,174 committed in 128 commit(s)
HTTP Error 429 thrown while requesting POST https://huggingface.co/api/datasets/sethryst/osm-us-2026-09-07/commit/main
Retrying in 4s [Retry 3/5].
HTTP Error 429 thrown while requesting POST https://huggingface.co/api/datasets/sethryst/osm-us-2026-09-07/commit/main
Retrying in 8s [Retry 4/5].
HTTP Error 429 thrown while requesting POST https://huggingface.co/api/datasets/sethryst/osm-us-2026-09-07/commit/main
Retrying in 8s [Retry 5/5].
Uploading... 13,568/28,158 files checked, 351/353 uploaded (9.43GB transferred), 13,174 committed in 128 commit(s)
HTTP Error 429 thrown while requesting POST https://huggingface.co/api/datasets/sethryst/osm-us-2026-09-07/commit/main
Commit of 82 files failed (HfHubHTTPError('(Request ID: Root=1-6aa975c2-39e9d7fc63615a1715af65b1;658eb2a8-fd15-43f8-9b94-5f039aa088b8)\n\n429 Too Many Requests for url: https://huggingface.co/api/datasets/sethryst/osm-us-2026-09-07/commit/main.\nYou have exceeded the rate limit for repository commits (128 per hour). You can retry this action in about 1 hour. To reduce the number of commits, you can upload entire folders at once using the Hub Python library: https://huggingface.co/docs/huggingface_hub/guides/upload#upload-a-folder or for large folders: https://huggingface.co/docs/huggingface_hub/guides/upload#upload-a-large-folder. To increase your rate limit for this action, you can upgrade to a paid plan at https://huggingface.co/pricing.')). Retrying in smaller chunks.
HTTP Error 429 thrown while requesting POST https://huggingface.co/api/datasets/sethryst/osm-us-2026-09-07/commit/main
Retrying in 1s [Retry 1/5].
HTTP Error 429 thrown while requesting POST https://huggingface.co/api/datasets/sethryst/osm-us-2026-09-07/commit/main
Retrying in 2s [Retry 2/5].
HTTP Error 429 thrown while requesting POST https://huggingface.co/api/datasets/sethryst/osm-us-2026-09-07/commit/main
Retrying in 4s [Retry 3/5].
HTTP Error 429 thrown while requesting POST https://huggingface.co/api/datasets/sethryst/osm-us-2026-09-07/commit/main
Retrying in 8s [Retry 4/5].
Uploading... 13,568/28,158 files checked, 351/353 uploaded (9.43GB transferred), 13,174 committed in 128 commit(s)
HTTP Error 429 thrown while requesting POST https://huggingface.co/api/datasets/sethryst/osm-us-2026-09-07/commit/main
Retrying in 8s [Retry 5/5].
HTTP Error 429 thrown while requesting POST https://huggingface.co/api/datasets/sethryst/osm-us-2026-09-07/commit/main
Commit of 82 files failed (HfHubHTTPError('(Request ID: Root=1-6aa975f1-1ba0f49976d2f8ad685da2ab;ea2288c8-ba95-4384-bb00-5173fcddf142)\n\n429 Too Many Requests for url: https://huggingface.co/api/datasets/sethryst/osm-us-2026-09-07/commit/main.\nYou have exceeded the rate limit for repository commits (128 per hour). You can retry this action in about 1 hour. To reduce the number of commits, you can upload entire folders at once using the Hub Python library: https://huggingface.co/docs/huggingface_hub/guides/upload#upload-a-folder or for large folders: https://huggingface.co/docs/huggingface_hub/guides/upload#upload-a-large-folder. To increase your rate limit for this action, you can upgrade to a paid plan at https://huggingface.co/pricing.')). Retrying in smaller chunks.
HTTP Error 429 thrown while requesting POST https://huggingface.co/api/datasets/sethryst/osm-us-2026-09-07/commit/main
Retrying in 1s [Retry 1/5].
Uploading... 13,568/28,158 files checked, 351/353 uploaded (9.43GB transferred), 13,174 committed in 128 commit(s)
HTTP Error 429 thrown while requesting POST https://huggingface.co/api/datasets/sethryst/osm-us-2026-09-07/commit/main
Retrying in 2s [Retry 2/5].
HTTP Error 429 thrown while requesting POST https://huggingface.co/api/datasets/sethryst/osm-us-2026-09-07/commit/main
Retrying in 4s [Retry 3/5].
HTTP Error 429 thrown while requesting POST https://huggingface.co/api/datasets/sethryst/osm-us-2026-09-07/commit/main
Retrying in 8s [Retry 4/5].
HTTP Error 429 thrown while requesting POST https://huggingface.co/api/datasets/sethryst/osm-us-2026-09-07/commit/main
Retrying in 8s [Retry 5/5].
Uploading... 13,568/28,158 files checked, 351/353 uploaded (9.43GB transferred), 13,174 committed in 128 commit(s)
HTTP Error 429 thrown while requesting POST https://huggingface.co/api/datasets/sethryst/osm-us-2026-09-07/commit/main
Commit of 82 files failed (HfHubHTTPError('(Request ID: Root=1-6aa97621-7a8de05d31af19dc52543cda;a4901d65-f7d1-41e3-aedb-a646f2aeb890)\n\n429 Too Many Requests for url: https://huggingface.co/api/datasets/sethryst/osm-us-2026-09-07/commit/main.\nYou have exceeded the rate limit for repository commits (128 per hour). You can retry this action in about 1 hour. To reduce the number of commits, you can upload entire folders at once using the Hub Python library: https://huggingface.co/docs/huggingface_hub/guides/upload#upload-a-folder or for large folders: https://huggingface.co/docs/huggingface_hub/guides/upload#upload-a-large-folder. To increase your rate limit for this action, you can upgrade to a paid plan at https://huggingface.co/pricing.')). Retrying in smaller chunks.
HTTP Error 429 thrown while requesting POST https://huggingface.co/api/datasets/sethryst/osm-us-2026-09-07/commit/main
Retrying in 1s [Retry 1/5].
HTTP Error 429 thrown while requesting POST https://huggingface.co/api/datasets/sethryst/osm-us-2026-09-07/commit/main
Retrying in 2s [Retry 2/5].
HTTP Error 429 thrown while requesting POST https://huggingface.co/api/datasets/sethryst/osm-us-2026-09-07/commit/main
Retrying in 4s [Retry 3/5].
Uploading... 13,568/28,158 files checked, 351/353 uploaded (9.43GB transferred), 13,174 committed in 128 commit(s)
HTTP Error 429 thrown while requesting POST https://huggingface.co/api/datasets/sethryst/osm-us-2026-09-07/commit/main
Retrying in 8s [Retry 4/5].
HTTP Error 429 thrown while requesting POST https://huggingface.co/api/datasets/sethryst/osm-us-2026-09-07/commit/main
Retrying in 8s [Retry 5/5].
HTTP Error 429 thrown while requesting POST https://huggingface.co/api/datasets/sethryst/osm-us-2026-09-07/commit/main
Commit of 82 files failed (HfHubHTTPError('(Request ID: Root=1-6aa97650-464a6e54110ec1e63cb15cdb;22379b37-9531-4993-99aa-84a19537ad41)\n\n429 Too Many Requests for url: https://huggingface.co/api/datasets/sethryst/osm-us-2026-09-07/commit/main.\nYou have exceeded the rate limit for repository commits (128 per hour). You can retry this action in about 1 hour. To reduce the number of commits, you can upload entire folders at once using the Hub Python library: https://huggingface.co/docs/huggingface_hub/guides/upload#upload-a-folder or for large folders: https://huggingface.co/docs/huggingface_hub/guides/upload#upload-a-large-folder. To increase your rate limit for this action, you can upgrade to a paid plan at https://huggingface.co/pricing.')). Retrying in smaller chunks.
HTTP Error 429 thrown while requesting POST https://huggingface.co/api/datasets/sethryst/osm-us-2026-09-07/commit/main
Retrying in 1s [Retry 1/5].
Uploading... 13,568/28,158 files checked, 351/353 uploaded (9.43GB transferred), 13,174 committed in 128 commit(s)
HTTP Error 429 thrown while requesting POST https://huggingface.co/api/datasets/sethryst/osm-us-2026-09-07/commit/main
Retrying in 2s [Retry 2/5].
HTTP Error 429 thrown while requesting POST https://huggingface.co/api/datasets/sethryst/osm-us-2026-09-07/commit/main
Retrying in 4s [Retry 3/5].
HTTP Error 429 thrown while requesting POST https://huggingface.co/api/datasets/sethryst/osm-us-2026-09-07/commit/main
Retrying in 8s [Retry 4/5].
HTTP Error 429 thrown while requesting POST https://huggingface.co/api/datasets/sethryst/osm-us-2026-09-07/commit/main
Retrying in 8s [Retry 5/5].
Uploading... 13,568/28,158 files checked, 351/353 uploaded (9.43GB transferred), 13,174 committed in 128 commit(s)
HTTP Error 429 thrown while requesting POST https://huggingface.co/api/datasets/sethryst/osm-us-2026-09-07/commit/main
Commit of 75 files failed (HfHubHTTPError('(Request ID: Root=1-6aa9767c-661e92d9429ba1e21562a52c;4c1c46de-107f-41e0-95b1-405c2cda985e)\n\n429 Too Many Requests for url: https://huggingface.co/api/datasets/sethryst/osm-us-2026-09-07/commit/main.\nYou have exceeded the rate limit for repository commits (128 per hour). You can retry this action in about 1 hour. To reduce the number of commits, you can upload entire folders at once using the Hub Python library: https://huggingface.co/docs/huggingface_hub/guides/upload#upload-a-folder or for large folders: https://huggingface.co/docs/huggingface_hub/guides/upload#upload-a-large-folder. To increase your rate limit for this action, you can upgrade to a paid plan at https://huggingface.co/pricing.')). Retrying in smaller chunks.
HTTP Error 429 thrown while requesting POST https://huggingface.co/api/datasets/sethryst/osm-us-2026-09-07/commit/main
Retrying in 1s [Retry 1/5].
HTTP Error 429 thrown while requesting POST https://huggingface.co/api/datasets/sethryst/osm-us-2026-09-07/commit/main
Retrying in 2s [Retry 2/5].
HTTP Error 429 thrown while requesting POST https://huggingface.co/api/datasets/sethryst/osm-us-2026-09-07/commit/main
Retrying in 4s [Retry 3/5].
HTTP Error 429 thrown while requesting POST https://huggingface.co/api/datasets/sethryst/osm-us-2026-09-07/commit/main
Retrying in 8s [Retry 4/5].
Uploading... 13,568/28,158 files checked, 351/353 uploaded (9.43GB transferred), 13,174 committed in 128 commit(s)
HTTP Error 429 thrown while requesting POST https://huggingface.co/api/datasets/sethryst/osm-us-2026-09-07/commit/main
Retrying in 8s [Retry 5/5].
HTTP Error 429 thrown while requesting POST https://huggingface.co/api/datasets/sethryst/osm-us-2026-09-07/commit/main
Commit of 50 files failed (HfHubHTTPError('(Request ID: Root=1-6aa976a2-4f114d40004494f001e48b86;1c07485c-9ca8-4835-b956-2a80c9afb3d6)\n\n429 Too Many Requests for url: https://huggingface.co/api/datasets/sethryst/osm-us-2026-09-07/commit/main.\nYou have exceeded the rate limit for repository commits (128 per hour). You can retry this action in about 1 hour. To reduce the number of commits, you can upload entire folders at once using the Hub Python library: https://huggingface.co/docs/huggingface_hub/guides/upload#upload-a-folder or for large folders: https://huggingface.co/docs/huggingface_hub/guides/upload#upload-a-large-folder. To increase your rate limit for this action, you can upgrade to a paid plan at https://huggingface.co/pricing.')). Retrying in smaller chunks.
HTTP Error 429 thrown while requesting POST https://huggingface.co/api/datasets/sethryst/osm-us-2026-09-07/commit/main
Retrying in 1s [Retry 1/5].
HTTP Error 429 thrown while requesting POST https://huggingface.co/api/datasets/sethryst/osm-us-2026-09-07/commit/main
Retrying in 2s [Retry 2/5].
HTTP Error 429 thrown while requesting POST https://huggingface.co/api/datasets/sethryst/osm-us-2026-09-07/commit/main
Retrying in 4s [Retry 3/5].
HTTP Error 429 thrown while requesting POST https://huggingface.co/api/datasets/sethryst/osm-us-2026-09-07/commit/main
Retrying in 8s [Retry 4/5].
Uploading... 13,568/28,158 files checked, 351/353 uploaded (9.43GB transferred), 13,174 committed in 128 commit(s)
HTTP Error 429 thrown while requesting POST https://huggingface.co/api/datasets/sethryst/osm-us-2026-09-07/commit/main
Retrying in 8s [Retry 5/5].
HTTP Error 429 thrown while requesting POST https://huggingface.co/api/datasets/sethryst/osm-us-2026-09-07/commit/main
Error: (Request ID: Root=1-6aa976c2-368665e714bd99240670331a;781948e6-68a9-4ef6-9c93-88a33a0aa8a1)

429 Too Many Requests for url: https://huggingface.co/api/datasets/sethryst/osm-us-2026-09-07/commit/main.
You have exceeded the rate limit for repository commits (128 per hour). You can retry this action in about 1 hour. To reduce the number of commits, you can upload entire folders at once using the Hub Python library: https://huggingface.co/docs/huggingface_hub/guides/upload#upload-a-folder or for large folders: https://huggingface.co/docs/huggingface_hub/guides/upload#upload-a-large-folder. To increase your rate limit for this action, you can upgrade to a paid plan at https://huggingface.co/pricing.
Hint: set HF_DEBUG=1 as environment variable for full traceback.
